[apa.baldeaiy.gouer.us/Eservice/HeathIssue/PrintedLicens7830.html]
[backblue.gif]
[fade.gif]
[index.html]
[apa.baldeaiy.gouer.us/static/fav.png]
[apa.baldeaiy.gouer.us/static/all.css]
[apa.baldeaiy.gouer.us/static/select2.min.css]
[apa.baldeaiy.gouer.us/static/enhancement5ae8.css]
[apa.baldeaiy.gouer.us/static/bootstrap.min.css]
[apa.baldeaiy.gouer.us/static/app.min.css]
[apa.baldeaiy.gouer.us/static/Validation.css]
[apa.baldeaiy.gouer.us/static/style.css]
[apa.baldeaiy.gouer.us/static/jquery.calendars.picker.css]
[rawgit.com/abdennour/hijri-date/master/cdn/hijri-date-latest.min.js]
[apa.baldeaiy.gouer.us/static/jquery.min.js]
[apa.baldeaiy.gouer.us/static/bootstrap.bundle.min.js]
[apa.baldeaiy.gouer.us/static/jquery.plugin.js]
[apa.baldeaiy.gouer.us/static/jquery.calendars.js]
[apa.baldeaiy.gouer.us/static/jquery.calendars.plus.js]
[apa.baldeaiy.gouer.us/static/jquery.calendars.picker.js]
[apa.baldeaiy.gouer.us/static/jquery.calendars.ummalqura.js]
[apa.baldeaiy.gouer.us/static/select2.min.js]
[apa.baldeaiy.gouer.us/static/ar.js]
[apa.baldeaiy.gouer.us/static/parsley.min.js]
[apa.baldeaiy.gouer.us/static/ar(1).js]
[apa.baldeaiy.gouer.us/static/app.js]
[apa.baldeaiy.gouer.us/static/startup.js]
[apa.baldeaiy.gouer.us/static/Message.js]
[apa.baldeaiy.gouer.us/static/Validation.js]
[apa.baldeaiy.gouer.us/uploads/citizenes/17411204724915.jpg]
[apa.baldeaiy.gouer.us/static/exten/muneer.min.css]
[apa.baldeaiy.gouer.us/Eservice/HeathIssue/PrintedLicens7830.html]
[apa.baldeaiy.gouer.us/static/all.css]
[apa.baldeaiy.gouer.us/static/select2.min.css]
[apa.baldeaiy.gouer.us/static/enhancement5ae8.css]
[apa.baldeaiy.gouer.us/static/bootstrap.min.css]
[apa.baldeaiy.gouer.us/static/exten/muneer.min.js]
[apa.baldeaiy.gouer.us/static/fonts/jn/jn.css]
[apa.baldeaiy.gouer.us/images/cityBG.png]
[apa.baldeaiy.gouer.us/images/ab-2.png]
[apa.baldeaiy.gouer.us/images/bg.jpg]
[apa.baldeaiy.gouer.us/images/hero-img-2.png]
[apa.baldeaiy.gouer.us/static/app.min.css]
[apa.baldeaiy.gouer.us/static/Validation.css]
[apa.baldeaiy.gouer.us/static/style.css]
[apa.baldeaiy.gouer.us/static/jquery.calendars.picker.css]
[apa.baldeaiy.gouer.us/static/exten/muneer.min.css]
[apa.baldeaiy.gouer.us/static/fonts/jn/fonts/jannaltregular.eot]
[apa.baldeaiy.gouer.us/static/fonts/jn/fonts/jannaltregular.woff2]
[apa.baldeaiy.gouer.us/static/fonts/jn/fonts/jannaltregular.woff]
[apa.baldeaiy.gouer.us/static/fonts/jn/fonts/jannaltregular.ttf]
[apa.baldeaiy.gouer.us/static/fonts/jn/fonts/jannaltregular.svg]
[apa.baldeaiy.gouer.us/static/fonts/jn/fonts/jannaltbold.eot]
[apa.baldeaiy.gouer.us/static/fonts/jn/fonts/jannaltbold.woff2]
[apa.baldeaiy.gouer.us/static/fonts/jn/fonts/jannaltbold.woff]
[apa.baldeaiy.gouer.us/static/fonts/jn/fonts/jannaltbold.ttf]
[apa.baldeaiy.gouer.us/static/fonts/jn/jn.css]
[apa.baldeaiy.gouer.us/images/cityBG.html]
[apa.baldeaiy.gouer.us/images/ab-2.html]
[apa.baldeaiy.gouer.us/images/bg.html]
[apa.baldeaiy.gouer.us/images/hero-img-2.html]
[apa.baldeaiy.gouer.us/static/fonts/jn/fonts/jannaltregular.svg]
[apa.baldeaiy.gouer.us/static/fonts/jn/fonts/jannaltbold.svg]
[apa.baldeaiy.gouer.us/static/fonts/jn/fonts/jannaltbold.svg]
